#-----------------------------------------------------------
# Vivado v2020.2 (64-bit)
# SW Build 3064766 on Wed Nov 18 09:12:45 MST 2020
# IP Build 3064653 on Wed Nov 18 14:17:31 MST 2020
# Start of session at: Wed Feb 24 16:28:22 2021
# Process ID: 2380
# Current directory: C:/Users/samin/Documents/GitHub/Digital-electronics-1/Labs/03-vivado/mux_2bit_4to1_0
# Command line: vivado.exe -gui_launcher_event rodinguilauncherevent9120 C:\Users\samin\Documents\GitHub\Digital-electronics-1\Labs\03-vivado\mux_2bit_4to1_0\mux_2bit_4to1_0.xpr
# Log file: C:/Users/samin/Documents/GitHub/Digital-electronics-1/Labs/03-vivado/mux_2bit_4to1_0/vivado.log
# Journal file: C:/Users/samin/Documents/GitHub/Digital-electronics-1/Labs/03-vivado/mux_2bit_4to1_0\vivado.jou
#-----------------------------------------------------------
start_gui
open_project C:/Users/samin/Documents/GitHub/Digital-electronics-1/Labs/03-vivado/mux_2bit_4to1_0/mux_2bit_4to1_0.xpr
update_compile_order -fileset sources_1
launch_simulation
source tb_mux_2bit_4to1.tcl
close_sim
